#-----------------------------------------------------------
# Vivado v2023.1 (64-bit)
# SW Build 3865809 on Sun May  7 15:04:56 MDT 2023
# IP Build 3864474 on Sun May  7 20:36:21 MDT 2023
# SharedData Build 3865790 on Sun May 07 13:33:03 MDT 2023
# Start of session at: Tue Jan 13 15:01:31 2026
# Process ID: 23153
# Current directory: /home/hamada/Thermal_n/firmware_git/Thermal_n_ROESTI/sem_0_ex
# Command line: vivado -notrace -source /home/hamada/Thermal_n/firmware_git/Thermal_n_ROESTI/ip/sem_0/sem_0_ex.tcl
# Log file: /home/hamada/Thermal_n/firmware_git/Thermal_n_ROESTI/sem_0_ex/vivado.log
# Journal file: /home/hamada/Thermal_n/firmware_git/Thermal_n_ROESTI/sem_0_ex/vivado.jou
# Running On: daqmwpc4.kek.jp, OS: Linux, CPU Frequency: 2500.000 MHz, CPU Physical cores: 6, Host memory: 33538 MB
#-----------------------------------------------------------
start_gui
source /home/hamada/Thermal_n/firmware_git/Thermal_n_ROESTI/ip/sem_0/sem_0_ex.tcl -notrace
update_compile_order -fileset sources_1
